Running Gradle task 'assembleRelease'...                        
Expected to find fonts for (packages/cupertino_icons/CupertinoIcons, MaterialIcons), but found (MaterialIcons). This usually means you are referring to font families in an IconData class but not including them in the assets section of your pubspec.yaml, are missing the package that would include them, or are missing "uses-material-design: true".
Font asset "MaterialIcons-Regular.otf" was tree-shaken, reducing it from 1645184 to 6472 bytes (99.6% reduction). Tree-shaking can be disabled by providing the --no-tree-shake-icons flag when building your app.
